../src/I2C_DRIVER/i2c.cpp:21:6:void IIC_Inicializacion()	16	static
../src/I2C_DRIVER/i2c.cpp:31:6:void IIC_Start()	16	static
../src/I2C_DRIVER/i2c.cpp:49:6:void IIC_Stop()	8	static
../src/I2C_DRIVER/i2c.cpp:64:9:uint8_t IIC_Read_Clock()	16	static
../src/I2C_DRIVER/i2c.cpp:95:6:void IIC_Clock()	8	static
../src/I2C_DRIVER/i2c.cpp:111:9:uint8_t IIC_Write(uint8_t)	16	static
../src/I2C_DRIVER/i2c.cpp:130:9:uint8_t IIC_Read(uint8_t)	24	static
../src/I2C_DRIVER/i2c.cpp:156:9:uint8_t GetDemora_IIC()	0	static
../src/I2C_DRIVER/i2c.cpp:160:6:void SetDemora_IIC(uint32_t)	0	static
../src/I2C_DRIVER/i2c.cpp:167:6:void IIC_Write_Driver_32b(uint32_t, uint8_t, uint32_t)	0	static
../src/I2C_DRIVER/i2c.cpp:179:10:uint32_t IIC_Read_Driver_32b(uint32_t, uint8_t)	0	static
../src/I2C_DRIVER/i2c.cpp:192:10:uint16_t IIC_Read_Driver_16b(uint32_t, uint8_t)	0	static
../src/I2C_DRIVER/i2c.cpp:203:6:void IIC_Write_Driver_16b(uint32_t, uint8_t, uint16_t)	0	static
../src/I2C_DRIVER/i2c.cpp:218:9:uint8_t IIC_Write_Driver(uint32_t, uint8_t, uint8_t)	0	static
../src/I2C_DRIVER/i2c.cpp:267:9:uint8_t IIC_Read_Driver(uint32_t, uint8_t)	0	static
../src/I2C_DRIVER/i2c.cpp:304:6:void IIC_Leer_Bloque(uint32_t, uint8_t*, uint32_t)	0	static
../src/I2C_DRIVER/i2c.cpp:314:6:void IIC_Guardar_Bloque(uint32_t, uint8_t*, uint32_t)	0	static
../src/I2C_DRIVER/i2c.cpp:327:6:void IIC_Demora(uint32_t)	0	static
../src/I2C_DRIVER/i2c.cpp:340:6:void Borrar_Memoria(uint8_t)	16	static
../src/I2C_DRIVER/i2c.cpp:348:1:cpp)	8	static
