../src/MAX30102_DRIVER/max30102.cpp:27:6:void SetFlagLecturaMAX30102(uint8_t)	0	static
../src/MAX30102_DRIVER/max30102.cpp:32:9:uint8_t GetFlagLecturaMAX30102()	0	static
../src/MAX30102_DRIVER/max30102.cpp:237:6:void MAX30102_Write(uint8_t, uint8_t)	16	static
../src/MAX30102_DRIVER/max30102.cpp:138:6:void MAX30102ResetPointers()	8	static
../src/MAX30102_DRIVER/max30102.cpp:145:9:uint8_t MAX30102InitialConfig()	16	static
../src/MAX30102_DRIVER/max30102.cpp:246:9:uint8_t MAX30102_Read(uint8_t)	8	static
../src/MAX30102_DRIVER/max30102.cpp:260:6:void MAX30102_Read_Sample(uint8_t, uint8_t*)	16	static
../src/MAX30102_DRIVER/max30102.cpp:277:6:void MAX30102_Read_FIFO(uint8_t, uint8_t*, uint8_t)	32	static
../src/MAX30102_DRIVER/max30102.cpp:37:6:void MAX30102()	64	static
../src/MAX30102_DRIVER/max30102.cpp:299:9:int32_t DCRemoval(int32_t, int32_t*, int32_t)	16	static
../src/MAX30102_DRIVER/max30102.cpp:305:1:cpp)	8	static
