../src/UART_DRIVER/UART0.cpp:73:1:UART0::~UART0()	0	static
../src/UART_DRIVER/UART0.cpp:73:1:virtual UART0::~UART0()	8	static
../src/UART_DRIVER/UART0.cpp:45:1:UART0::UART0(uint32_t)	16	static
../src/UART_DRIVER/UART0.cpp:93:10:uint32_t UART0::CADENAS_Strlen(uint8_t*)	0	static
../src/UART_DRIVER/UART0.cpp:123:9:int32_t UART0::PopTx()	16	static
../src/UART_DRIVER/UART0.cpp:108:6:void UART0::PushTx(uint8_t)	16	static
../src/UART_DRIVER/UART0.cpp:77:6:void UART0::Send(uint8_t*, uint32_t)	16	static
../src/UART_DRIVER/UART0.cpp:138:6:void UART0::PushRx(uint8_t)	8	static
../src/UART_DRIVER/UART0.cpp:20:6:void UART0_IRQHandler()	16	static
../src/UART_DRIVER/UART0.cpp:146:9:int32_t UART0::PopRx()	16	static
